// Jest Snapshot v1, https://goo.gl/fbAQLP

exports[`EPATH PORT Segment Build Utility Generates Appropriate Output 1`] = `
Object {
  "data": Array [
    2,
    6,
  ],
  "type": "Buffer",
}
`;

exports[`EPATH PORT Segment Build Utility Generates Appropriate Output 2`] = `
Object {
  "data": Array [
    15,
    18,
    0,
    1,
  ],
  "type": "Buffer",
}
`;

exports[`EPATH PORT Segment Build Utility Generates Appropriate Output 3`] = `
Object {
  "data": Array [
    21,
    15,
    49,
    51,
    48,
    46,
    49,
    53,
    49,
    46,
    49,
    51,
    55,
    46,
    49,
    48,
    53,
    0,
  ],
  "type": "Buffer",
}
`;

exports[`EPATH PORT Segment Build Utility Generates Appropriate Output 4`] = `
Object {
  "data": Array [
    1,
    5,
  ],
  "type": "Buffer",
}
`;

exports[`EPATH PORT Segment Build Utility Generates Appropriate Output 5`] = `
Object {
  "data": Array [
    31,
    15,
    18,
    0,
    49,
    51,
    48,
    46,
    49,
    53,
    49,
    46,
    49,
    51,
    55,
    46,
    49,
    48,
    53,
    0,
  ],
  "type": "Buffer",
}
`;
